Browserslist: browsers data (caniuse-lite) is 15 months old. Please run:
  npx update-browserslist-db@latest
  Why you should do it regularly: https://github.com/browserslist/update-db#readme
[33m[vite:css] @import must precede all other statements (besides @charset or empty @layer)
8  |  */
9  |  
10 |  @import url('https://fonts.googleapis.com/css2?family=Crimson+Pro:wght@400;500;600&family=Inter:wght@400;500;600;700&display=swap');
   |  ^^^^^^^^^^^^^^^^^^^^^^^^^^^^^^^^^^^^^^^^^^^^^^^^^^^^^^^^^^^^^^^^^^^^^^^^^^^^^^^^^^^^^^^^^^^^^^^^^^^^^^^^^^^^^^^^^^^^^^^^^^^^^^^^^^^^
11 |  
12 |  @layer base {[39m
[33m[vite:css] @import must precede all other statements (besides @charset or empty @layer)
8  |  */
9  |  
10 |  @import url('https://fonts.googleapis.com/css2?family=Crimson+Pro:wght@400;500;600&family=Inter:wght@400;500;600;700&display=swap');
   |  ^^^^^^^^^^^^^^^^^^^^^^^^^^^^^^^^^^^^^^^^^^^^^^^^^^^^^^^^^^^^^^^^^^^^^^^^^^^^^^^^^^^^^^^^^^^^^^^^^^^^^^^^^^^^^^^^^^^^^^^^^^^^^^^^^^^^
11 |  
12 |  @layer base {[39m
[33m[vite:css] @import must precede all other statements (besides @charset or empty @layer)
8  |  */
9  |  
10 |  @import url('https://fonts.googleapis.com/css2?family=Crimson+Pro:wght@400;500;600&family=Inter:wght@400;500;600;700&display=swap');
   |  ^^^^^^^^^^^^^^^^^^^^^^^^^^^^^^^^^^^^^^^^^^^^^^^^^^^^^^^^^^^^^^^^^^^^^^^^^^^^^^^^^^^^^^^^^^^^^^^^^^^^^^^^^^^^^^^^^^^^^^^^^^^^^^^^^^^^
11 |  
12 |  @layer base {[39m
[33m[vite:css] @import must precede all other statements (besides @charset or empty @layer)
8  |  */
9  |  
10 |  @import url('https://fonts.googleapis.com/css2?family=Crimson+Pro:wght@400;500;600&family=Inter:wght@400;500;600;700&display=swap');
   |  ^^^^^^^^^^^^^^^^^^^^^^^^^^^^^^^^^^^^^^^^^^^^^^^^^^^^^^^^^^^^^^^^^^^^^^^^^^^^^^^^^^^^^^^^^^^^^^^^^^^^^^^^^^^^^^^^^^^^^^^^^^^^^^^^^^^^
11 |  
12 |  @layer base {[39m
[33m[vite:css] @import must precede all other statements (besides @charset or empty @layer)
8  |  */
9  |  
10 |  @import url('https://fonts.googleapis.com/css2?family=Crimson+Pro:wght@400;500;600&family=Inter:wght@400;500;600;700&display=swap');
   |  ^^^^^^^^^^^^^^^^^^^^^^^^^^^^^^^^^^^^^^^^^^^^^^^^^^^^^^^^^^^^^^^^^^^^^^^^^^^^^^^^^^^^^^^^^^^^^^^^^^^^^^^^^^^^^^^^^^^^^^^^^^^^^^^^^^^^
11 |  
12 |  @layer base {[39m
[33m[vite:css] @import must precede all other statements (besides @charset or empty @layer)
8  |  */
9  |  
10 |  @import url('https://fonts.googleapis.com/css2?family=Crimson+Pro:wght@400;500;600&family=Inter:wght@400;500;600;700&display=swap');
   |  ^^^^^^^^^^^^^^^^^^^^^^^^^^^^^^^^^^^^^^^^^^^^^^^^^^^^^^^^^^^^^^^^^^^^^^^^^^^^^^^^^^^^^^^^^^^^^^^^^^^^^^^^^^^^^^^^^^^^^^^^^^^^^^^^^^^^
11 |  
12 |  @layer base {[39m
[33m[vite:css] @import must precede all other statements (besides @charset or empty @layer)
8  |  */
9  |  
10 |  @import url('https://fonts.googleapis.com/css2?family=Crimson+Pro:wght@400;500;600&family=Inter:wght@400;500;600;700&display=swap');
   |  ^^^^^^^^^^^^^^^^^^^^^^^^^^^^^^^^^^^^^^^^^^^^^^^^^^^^^^^^^^^^^^^^^^^^^^^^^^^^^^^^^^^^^^^^^^^^^^^^^^^^^^^^^^^^^^^^^^^^^^^^^^^^^^^^^^^^
11 |  
12 |  @layer base {[39m
[33m[vite:css] @import must precede all other statements (besides @charset or empty @layer)
8  |  */
9  |  
10 |  @import url('https://fonts.googleapis.com/css2?family=Crimson+Pro:wght@400;500;600&family=Inter:wght@400;500;600;700&display=swap');
   |  ^^^^^^^^^^^^^^^^^^^^^^^^^^^^^^^^^^^^^^^^^^^^^^^^^^^^^^^^^^^^^^^^^^^^^^^^^^^^^^^^^^^^^^^^^^^^^^^^^^^^^^^^^^^^^^^^^^^^^^^^^^^^^^^^^^^^
11 |  
12 |  @layer base {[39m
[33m[vite:css] @import must precede all other statements (besides @charset or empty @layer)
8  |  */
9  |  
10 |  @import url('https://fonts.googleapis.com/css2?family=Crimson+Pro:wght@400;500;600&family=Inter:wght@400;500;600;700&display=swap');
   |  ^^^^^^^^^^^^^^^^^^^^^^^^^^^^^^^^^^^^^^^^^^^^^^^^^^^^^^^^^^^^^^^^^^^^^^^^^^^^^^^^^^^^^^^^^^^^^^^^^^^^^^^^^^^^^^^^^^^^^^^^^^^^^^^^^^^^
11 |  
12 |  @layer base {[39m
[33m[vite:css] @import must precede all other statements (besides @charset or empty @layer)
8  |  */
9  |  
10 |  @import url('https://fonts.googleapis.com/css2?family=Crimson+Pro:wght@400;500;600&family=Inter:wght@400;500;600;700&display=swap');
   |  ^^^^^^^^^^^^^^^^^^^^^^^^^^^^^^^^^^^^^^^^^^^^^^^^^^^^^^^^^^^^^^^^^^^^^^^^^^^^^^^^^^^^^^^^^^^^^^^^^^^^^^^^^^^^^^^^^^^^^^^^^^^^^^^^^^^^
11 |  
12 |  @layer base {[39m
[33m[vite:css] @import must precede all other statements (besides @charset or empty @layer)
8  |  */
9  |  
10 |  @import url('https://fonts.googleapis.com/css2?family=Crimson+Pro:wght@400;500;600&family=Inter:wght@400;500;600;700&display=swap');
   |  ^^^^^^^^^^^^^^^^^^^^^^^^^^^^^^^^^^^^^^^^^^^^^^^^^^^^^^^^^^^^^^^^^^^^^^^^^^^^^^^^^^^^^^^^^^^^^^^^^^^^^^^^^^^^^^^^^^^^^^^^^^^^^^^^^^^^
11 |  
12 |  @layer base {[39m
[33m[vite:css] @import must precede all other statements (besides @charset or empty @layer)
8  |  */
9  |  
10 |  @import url('https://fonts.googleapis.com/css2?family=Crimson+Pro:wght@400;500;600&family=Inter:wght@400;500;600;700&display=swap');
   |  ^^^^^^^^^^^^^^^^^^^^^^^^^^^^^^^^^^^^^^^^^^^^^^^^^^^^^^^^^^^^^^^^^^^^^^^^^^^^^^^^^^^^^^^^^^^^^^^^^^^^^^^^^^^^^^^^^^^^^^^^^^^^^^^^^^^^
11 |  
12 |  @layer base {[39m
[33m[vite:css] @import must precede all other statements (besides @charset or empty @layer)
8  |  */
9  |  
10 |  @import url('https://fonts.googleapis.com/css2?family=Crimson+Pro:wght@400;500;600&family=Inter:wght@400;500;600;700&display=swap');
   |  ^^^^^^^^^^^^^^^^^^^^^^^^^^^^^^^^^^^^^^^^^^^^^^^^^^^^^^^^^^^^^^^^^^^^^^^^^^^^^^^^^^^^^^^^^^^^^^^^^^^^^^^^^^^^^^^^^^^^^^^^^^^^^^^^^^^^
11 |  
12 |  @layer base {[39m
[33m[vite:css] @import must precede all other statements (besides @charset or empty @layer)
8  |  */
9  |  
10 |  @import url('https://fonts.googleapis.com/css2?family=Crimson+Pro:wght@400;500;600&family=Inter:wght@400;500;600;700&display=swap');
   |  ^^^^^^^^^^^^^^^^^^^^^^^^^^^^^^^^^^^^^^^^^^^^^^^^^^^^^^^^^^^^^^^^^^^^^^^^^^^^^^^^^^^^^^^^^^^^^^^^^^^^^^^^^^^^^^^^^^^^^^^^^^^^^^^^^^^^
11 |  
12 |  @layer base {[39m
[33m[vite:css] @import must precede all other statements (besides @charset or empty @layer)
8  |  */
9  |  
10 |  @import url('https://fonts.googleapis.com/css2?family=Crimson+Pro:wght@400;500;600&family=Inter:wght@400;500;600;700&display=swap');
   |  ^^^^^^^^^^^^^^^^^^^^^^^^^^^^^^^^^^^^^^^^^^^^^^^^^^^^^^^^^^^^^^^^^^^^^^^^^^^^^^^^^^^^^^^^^^^^^^^^^^^^^^^^^^^^^^^^^^^^^^^^^^^^^^^^^^^^
11 |  
12 |  @layer base {[39m
[33m[vite:css] @import must precede all other statements (besides @charset or empty @layer)
8  |  */
9  |  
10 |  @import url('https://fonts.googleapis.com/css2?family=Crimson+Pro:wght@400;500;600&family=Inter:wght@400;500;600;700&display=swap');
   |  ^^^^^^^^^^^^^^^^^^^^^^^^^^^^^^^^^^^^^^^^^^^^^^^^^^^^^^^^^^^^^^^^^^^^^^^^^^^^^^^^^^^^^^^^^^^^^^^^^^^^^^^^^^^^^^^^^^^^^^^^^^^^^^^^^^^^
11 |  
12 |  @layer base {[39m
[33m[vite:css] @import must precede all other statements (besides @charset or empty @layer)
8  |  */
9  |  
10 |  @import url('https://fonts.googleapis.com/css2?family=Crimson+Pro:wght@400;500;600&family=Inter:wght@400;500;600;700&display=swap');
   |  ^^^^^^^^^^^^^^^^^^^^^^^^^^^^^^^^^^^^^^^^^^^^^^^^^^^^^^^^^^^^^^^^^^^^^^^^^^^^^^^^^^^^^^^^^^^^^^^^^^^^^^^^^^^^^^^^^^^^^^^^^^^^^^^^^^^^
11 |  
12 |  @layer base {[39m
[33m[vite:css] @import must precede all other statements (besides @charset or empty @layer)
8  |  */
9  |  
10 |  @import url('https://fonts.googleapis.com/css2?family=Crimson+Pro:wght@400;500;600&family=Inter:wght@400;500;600;700&display=swap');
   |  ^^^^^^^^^^^^^^^^^^^^^^^^^^^^^^^^^^^^^^^^^^^^^^^^^^^^^^^^^^^^^^^^^^^^^^^^^^^^^^^^^^^^^^^^^^^^^^^^^^^^^^^^^^^^^^^^^^^^^^^^^^^^^^^^^^^^
11 |  
12 |  @layer base {[39m
[33m[vite:css] @import must precede all other statements (besides @charset or empty @layer)
8  |  */
9  |  
10 |  @import url('https://fonts.googleapis.com/css2?family=Crimson+Pro:wght@400;500;600&family=Inter:wght@400;500;600;700&display=swap');
   |  ^^^^^^^^^^^^^^^^^^^^^^^^^^^^^^^^^^^^^^^^^^^^^^^^^^^^^^^^^^^^^^^^^^^^^^^^^^^^^^^^^^^^^^^^^^^^^^^^^^^^^^^^^^^^^^^^^^^^^^^^^^^^^^^^^^^^
11 |  
12 |  @layer base {[39m
[33m[vite:css] @import must precede all other statements (besides @charset or empty @layer)
8  |  */
9  |  
10 |  @import url('https://fonts.googleapis.com/css2?family=Crimson+Pro:wght@400;500;600&family=Inter:wght@400;500;600;700&display=swap');
   |  ^^^^^^^^^^^^^^^^^^^^^^^^^^^^^^^^^^^^^^^^^^^^^^^^^^^^^^^^^^^^^^^^^^^^^^^^^^^^^^^^^^^^^^^^^^^^^^^^^^^^^^^^^^^^^^^^^^^^^^^^^^^^^^^^^^^^
11 |  
12 |  @layer base {[39m
[33m[vite:css] @import must precede all other statements (besides @charset or empty @layer)
8  |  */
9  |  
10 |  @import url('https://fonts.googleapis.com/css2?family=Crimson+Pro:wght@400;500;600&family=Inter:wght@400;500;600;700&display=swap');
   |  ^^^^^^^^^^^^^^^^^^^^^^^^^^^^^^^^^^^^^^^^^^^^^^^^^^^^^^^^^^^^^^^^^^^^^^^^^^^^^^^^^^^^^^^^^^^^^^^^^^^^^^^^^^^^^^^^^^^^^^^^^^^^^^^^^^^^
11 |  
12 |  @layer base {[39m
[33m[vite:css] @import must precede all other statements (besides @charset or empty @layer)
8  |  */
9  |  
10 |  @import url('https://fonts.googleapis.com/css2?family=Crimson+Pro:wght@400;500;600&family=Inter:wght@400;500;600;700&display=swap');
   |  ^^^^^^^^^^^^^^^^^^^^^^^^^^^^^^^^^^^^^^^^^^^^^^^^^^^^^^^^^^^^^^^^^^^^^^^^^^^^^^^^^^^^^^^^^^^^^^^^^^^^^^^^^^^^^^^^^^^^^^^^^^^^^^^^^^^^
11 |  
12 |  @layer base {[39m
[33m[vite:css] @import must precede all other statements (besides @charset or empty @layer)
8  |  */
9  |  
10 |  @import url('https://fonts.googleapis.com/css2?family=Crimson+Pro:wght@400;500;600&family=Inter:wght@400;500;600;700&display=swap');
   |  ^^^^^^^^^^^^^^^^^^^^^^^^^^^^^^^^^^^^^^^^^^^^^^^^^^^^^^^^^^^^^^^^^^^^^^^^^^^^^^^^^^^^^^^^^^^^^^^^^^^^^^^^^^^^^^^^^^^^^^^^^^^^^^^^^^^^
11 |  
12 |  @layer base {[39m
[33m[vite:css] @import must precede all other statements (besides @charset or empty @layer)
8  |  */
9  |  
10 |  @import url('https://fonts.googleapis.com/css2?family=Crimson+Pro:wght@400;500;600&family=Inter:wght@400;500;600;700&display=swap');
   |  ^^^^^^^^^^^^^^^^^^^^^^^^^^^^^^^^^^^^^^^^^^^^^^^^^^^^^^^^^^^^^^^^^^^^^^^^^^^^^^^^^^^^^^^^^^^^^^^^^^^^^^^^^^^^^^^^^^^^^^^^^^^^^^^^^^^^
11 |  
12 |  @layer base {[39m
[33m[vite:css] @import must precede all other statements (besides @charset or empty @layer)
8  |  */
9  |  
10 |  @import url('https://fonts.googleapis.com/css2?family=Crimson+Pro:wght@400;500;600&family=Inter:wght@400;500;600;700&display=swap');
   |  ^^^^^^^^^^^^^^^^^^^^^^^^^^^^^^^^^^^^^^^^^^^^^^^^^^^^^^^^^^^^^^^^^^^^^^^^^^^^^^^^^^^^^^^^^^^^^^^^^^^^^^^^^^^^^^^^^^^^^^^^^^^^^^^^^^^^
11 |  
12 |  @layer base {[39m
[33m[vite:css] @import must precede all other statements (besides @charset or empty @layer)
8  |  */
9  |  
10 |  @import url('https://fonts.googleapis.com/css2?family=Crimson+Pro:wght@400;500;600&family=Inter:wght@400;500;600;700&display=swap');
   |  ^^^^^^^^^^^^^^^^^^^^^^^^^^^^^^^^^^^^^^^^^^^^^^^^^^^^^^^^^^^^^^^^^^^^^^^^^^^^^^^^^^^^^^^^^^^^^^^^^^^^^^^^^^^^^^^^^^^^^^^^^^^^^^^^^^^^
11 |  
12 |  @layer base {[39m
[33m[vite:css] @import must precede all other statements (besides @charset or empty @layer)
8  |  */
9  |  
10 |  @import url('https://fonts.googleapis.com/css2?family=Crimson+Pro:wght@400;500;600&family=Inter:wght@400;500;600;700&display=swap');
   |  ^^^^^^^^^^^^^^^^^^^^^^^^^^^^^^^^^^^^^^^^^^^^^^^^^^^^^^^^^^^^^^^^^^^^^^^^^^^^^^^^^^^^^^^^^^^^^^^^^^^^^^^^^^^^^^^^^^^^^^^^^^^^^^^^^^^^
11 |  
12 |  @layer base {[39m
[33m[vite:css] @import must precede all other statements (besides @charset or empty @layer)
8  |  */
9  |  
10 |  @import url('https://fonts.googleapis.com/css2?family=Crimson+Pro:wght@400;500;600&family=Inter:wght@400;500;600;700&display=swap');
   |  ^^^^^^^^^^^^^^^^^^^^^^^^^^^^^^^^^^^^^^^^^^^^^^^^^^^^^^^^^^^^^^^^^^^^^^^^^^^^^^^^^^^^^^^^^^^^^^^^^^^^^^^^^^^^^^^^^^^^^^^^^^^^^^^^^^^^
11 |  
12 |  @layer base {[39m
[33m[vite:css] @import must precede all other statements (besides @charset or empty @layer)
8  |  */
9  |  
10 |  @import url('https://fonts.googleapis.com/css2?family=Crimson+Pro:wght@400;500;600&family=Inter:wght@400;500;600;700&display=swap');
   |  ^^^^^^^^^^^^^^^^^^^^^^^^^^^^^^^^^^^^^^^^^^^^^^^^^^^^^^^^^^^^^^^^^^^^^^^^^^^^^^^^^^^^^^^^^^^^^^^^^^^^^^^^^^^^^^^^^^^^^^^^^^^^^^^^^^^^
11 |  
12 |  @layer base {[39m
[33m[vite:css] @import must precede all other statements (besides @charset or empty @layer)
8  |  */
9  |  
10 |  @import url('https://fonts.googleapis.com/css2?family=Crimson+Pro:wght@400;500;600&family=Inter:wght@400;500;600;700&display=swap');
   |  ^^^^^^^^^^^^^^^^^^^^^^^^^^^^^^^^^^^^^^^^^^^^^^^^^^^^^^^^^^^^^^^^^^^^^^^^^^^^^^^^^^^^^^^^^^^^^^^^^^^^^^^^^^^^^^^^^^^^^^^^^^^^^^^^^^^^
11 |  
12 |  @layer base {[39m
